// Jest Snapshot v1, https://goo.gl/fbAQLP

exports[`renders correctly 1`] = `
Array [
  <div
    className="d-flex justify-content-between position-fixed car-navs"
  >
    <div
      className="span d-inline-block"
    />
    <div
      className="span d-inline-block"
    />
  </div>,
  <a
    href="/log_in"
    onClick={[Function]}
    style={
      Object {
        "display": "block",
        "marginTop": "200px",
      }
    }
  >
    <button
      className="btn btn-info"
      type="button"
    >
      Track Car
    </button>
  </a>,
]
`;
