// Jest Snapshot v1, https://goo.gl/fbAQLP

exports[`renders correctly 1`] = `
<header
  className="container d-flex flex-column justify-content-center bg-info remove-padding header"
>
  <nav
    className="nav justify-content-between mx-2"
  >
    <div
      aria-hidden="true"
      className=""
      onClick={[Function]}
      onKeyDown={[Function]}
    >
      <a
        href="/"
        onClick={[Function]}
      >
        <img
          alt="logo"
          src="logo.png"
        />
      </a>
    </div>
    <div
      className=""
    >
      <button
        className="btn"
        onClick={[Function]}
        type="button"
      >
        <svg
          aria-hidden="true"
          className="svg-inline--fa fa-caret-down fa-w-10 "
          data-icon="caret-down"
          data-prefix="fas"
          focusable="false"
          role="img"
          style={Object {}}
          viewBox="0 0 320 512"
          xmlns="http://www.w3.org/2000/svg"
        >
          <path
            d="M31.3 192h257.3c17.8 0 26.7 21.5 14.1 34.1L174.1 354.8c-7.8 7.8-20.5 7.8-28.3 0L17.2 226.1C4.6 213.5 13.5 192 31.3 192z"
            fill="currentColor"
            style={Object {}}
          />
        </svg>
      </button>
    </div>
  </nav>
  <div
    className="nav-controls bg-light position-absolute d-flex flex-column align-items-center"
  />
</header>
`;
